2015-06-29T22:43:54.725-0400: 1.546: [GC [PSYoungGen: 334336K->24676K(389632K)] 334336K->24684K(1279488K), 0.0223250 secs] [Times: user=0.06 sys=0.01, real=0.02 secs] 
2015-06-29T22:48:42.059-0400: 288.880: [GC [PSYoungGen: 359012K->55270K(389632K)] 359020K->59275K(1279488K), 0.0448510 secs] [Times: user=0.11 sys=0.02, real=0.05 secs] 
2015-06-29T22:48:42.760-0400: 289.581: [GC [PSYoungGen: 389606K->55268K(389632K)] 393611K->88029K(1279488K), 0.0583460 secs] [Times: user=0.13 sys=0.01, real=0.06 secs] 
2015-06-29T22:48:43.162-0400: 289.983: [GC [PSYoungGen: 389604K->55277K(390144K)] 422365K->114704K(1280000K), 0.0518040 secs] [Times: user=0.12 sys=0.01, real=0.05 secs] 
2015-06-29T22:48:43.652-0400: 290.473: [GC [PSYoungGen: 390125K->55266K(390144K)] 449552K->151670K(1280000K), 0.0570260 secs] [Times: user=0.14 sys=0.01, real=0.05 secs] 
2015-06-29T22:48:46.234-0400: 293.054: [GC [PSYoungGen: 390114K->55272K(268288K)] 486518K->169765K(1158144K), 0.0641680 secs] [Times: user=0.22 sys=0.01, real=0.06 secs] 
2015-06-29T22:49:23.039-0400: 329.860: [GC [PSYoungGen: 268264K->47230K(329216K)] 382757K->196052K(1219072K), 0.1324880 secs] [Times: user=0.24 sys=0.01, real=0.14 secs] 
2015-06-29T22:59:58.885-0400: 965.706: [GC [PSYoungGen: 260222K->47048K(332288K)] 409044K->195942K(1222144K), 0.0609610 secs] [Times: user=0.21 sys=0.00, real=0.06 secs] 
2015-06-29T23:10:27.314-0400: 1594.135: [GC [PSYoungGen: 265160K->54611K(330752K)] 414054K->215488K(1220608K), 0.0837990 secs] [Times: user=0.28 sys=0.01, real=0.08 secs] 
2015-06-29T23:33:17.526-0400: 2964.347: [GC [PSYoungGen: 272723K->25770K(332800K)] 433600K->210112K(1222656K), 0.0304910 secs] [Times: user=0.10 sys=0.01, real=0.03 secs] 
2015-06-29T23:33:17.910-0400: 2964.731: [GC [PSYoungGen: 250026K->36258K(334848K)] 434368K->242835K(1224704K), 0.0297620 secs] [Times: user=0.08 sys=0.00, real=0.03 secs] 
2015-06-29T23:33:18.242-0400: 2965.063: [GC [PSYoungGen: 260514K->33884K(336896K)] 467091K->250870K(1226752K), 0.0239870 secs] [Times: user=0.05 sys=0.01, real=0.02 secs] 
2015-06-29T23:33:18.477-0400: 2965.297: [GC [PSYoungGen: 261724K->25831K(335872K)] 478710K->246253K(1225728K), 0.0159490 secs] [Times: user=0.04 sys=0.00, real=0.02 secs] 
2015-06-29T23:33:18.776-0400: 2965.597: [GC [PSYoungGen: 253671K->35206K(339968K)] 474093K->257829K(1229824K), 0.0216510 secs] [Times: user=0.05 sys=0.00, real=0.02 secs] 
2015-06-29T23:33:19.129-0400: 2965.950: [GC [PSYoungGen: 267654K->37992K(337408K)] 490277K->263923K(1227264K), 0.0240810 secs] [Times: user=0.05 sys=0.00, real=0.03 secs] 
2015-06-29T23:33:22.623-0400: 2969.444: [GC [PSYoungGen: 270440K->21184K(344064K)] 496371K->250719K(1233920K), 0.0238870 secs] [Times: user=0.09 sys=0.00, real=0.02 secs] 
2015-06-29T23:33:30.120-0400: 2976.940: [GC [PSYoungGen: 263872K->47048K(343552K)] 493407K->287400K(1233408K), 0.0579260 secs] [Times: user=0.18 sys=0.00, real=0.06 secs] 
2015-06-29T23:34:52.970-0400: 3059.791: [GC [PSYoungGen: 289736K->42518K(353280K)] 530088K->303756K(1243136K), 0.0360640 secs] [Times: user=0.11 sys=0.00, real=0.04 secs] 
2015-06-29T23:34:53.341-0400: 3060.162: [GC [PSYoungGen: 300054K->38323K(349184K)] 561292K->319678K(1239040K), 0.0317110 secs] [Times: user=0.07 sys=0.01, real=0.04 secs] 
2015-06-29T23:34:53.629-0400: 3060.450: [GC [PSYoungGen: 295859K->31526K(358912K)] 577214K->316854K(1248768K), 0.0217290 secs] [Times: user=0.05 sys=0.00, real=0.02 secs] 
2015-06-29T23:34:53.976-0400: 3060.797: [GC [PSYoungGen: 302374K->40449K(356864K)] 587702K->328500K(1246720K), 0.0246040 secs] [Times: user=0.06 sys=0.00, real=0.02 secs] 
2015-06-29T23:34:54.433-0400: 3061.254: [GC [PSYoungGen: 311297K->40204K(365568K)] 599348K->332241K(1255424K), 0.0240090 secs] [Times: user=0.06 sys=0.00, real=0.02 secs] 
2015-06-29T23:35:00.756-0400: 3067.577: [GC [PSYoungGen: 323340K->30029K(362496K)] 615377K->326587K(1252352K), 0.0327090 secs] [Times: user=0.12 sys=0.00, real=0.03 secs] 
2015-06-29T23:44:55.340-0400: 3662.161: [GC [PSYoungGen: 313165K->42807K(370176K)] 609723K->354380K(1260032K), 0.0413940 secs] [Times: user=0.11 sys=0.01, real=0.04 secs] 
2015-06-30T00:30:56.456-0400: 6423.277: [GC [PSYoungGen: 335159K->224K(367104K)] 646732K->330420K(1256960K), 0.0300310 secs] [Times: user=0.10 sys=0.01, real=0.03 secs] 
2015-06-30T01:17:39.317-0400: 9226.138: [GC [PSYoungGen: 292576K->192K(361984K)] 622772K->330440K(1251840K), 0.0156380 secs] [Times: user=0.05 sys=0.00, real=0.02 secs] 
2015-06-30T02:02:51.849-0400: 11938.670: [GC [PSYoungGen: 283840K->128K(284160K)] 614088K->330408K(1174016K), 0.0155280 secs] [Times: user=0.05 sys=0.00, real=0.02 secs] 
2015-06-30T02:48:14.216-0400: 14661.036: [GC [PSYoungGen: 283776K->96K(363520K)] 614056K->330392K(1253376K), 0.0138130 secs] [Times: user=0.03 sys=0.00, real=0.01 secs] 
2015-06-30T03:33:21.462-0400: 17368.283: [GC [PSYoungGen: 281696K->128K(363520K)] 611992K->330464K(1253376K), 0.0151790 secs] [Times: user=0.04 sys=0.00, real=0.01 secs] 
2015-06-30T04:18:23.713-0400: 20070.534: [GC [PSYoungGen: 281728K->192K(365056K)] 612064K->330544K(1254912K), 0.0114800 secs] [Times: user=0.04 sys=0.00, real=0.01 secs] 
2015-06-30T05:04:01.304-0400: 22808.125: [GC [PSYoungGen: 284352K->96K(364032K)] 614704K->330472K(1253888K), 0.0146650 secs] [Times: user=0.04 sys=0.00, real=0.01 secs] 
2015-06-30T05:49:48.171-0400: 25554.992: [GC [PSYoungGen: 284256K->128K(369664K)] 614632K->330520K(1259520K), 0.0159740 secs] [Times: user=0.04 sys=0.00, real=0.02 secs] 
2015-06-30T06:36:35.971-0400: 28362.792: [GC [PSYoungGen: 291968K->96K(367104K)] 622360K->330512K(1256960K), 0.0158560 secs] [Times: user=0.05 sys=0.00, real=0.02 secs] 
2015-06-30T07:23:26.290-0400: 31173.111: [GC [PSYoungGen: 291936K->128K(374784K)] 622352K->330568K(1264640K), 0.0149240 secs] [Times: user=0.05 sys=0.00, real=0.02 secs] 
2015-06-30T09:35:22.026-0400: 39088.847: [GC [PSYoungGen: 302208K->64K(372224K)] 632648K->330520K(1262080K), 0.0074600 secs] [Times: user=0.02 sys=0.00, real=0.00 secs] 
2015-06-30T10:23:52.205-0400: 41999.026: [GC [PSYoungGen: 302144K->160K(380928K)] 632600K->330632K(1270784K), 0.0150550 secs] [Times: user=0.05 sys=0.00, real=0.02 secs] 
2015-06-30T11:14:22.308-0400: 45029.129: [GC [PSYoungGen: 314016K->128K(377856K)] 644488K->330624K(1267712K), 0.0160910 secs] [Times: user=0.05 sys=0.00, real=0.01 secs] 
2015-06-30T12:05:02.171-0400: 48068.992: [GC [PSYoungGen: 313984K->160K(387584K)] 644480K->330680K(1277440K), 0.0159500 secs] [Times: user=0.05 sys=0.00, real=0.02 secs] 
2015-06-30T12:57:21.411-0400: 51208.232: [GC [PSYoungGen: 327328K->96K(384512K)] 657848K->330632K(1274368K), 0.0165950 secs] [Times: user=0.06 sys=0.00, real=0.02 secs] 
2015-06-30T13:50:12.590-0400: 54379.410: [GC [PSYoungGen: 327264K->96K(393728K)] 657800K->330656K(1283584K), 0.0117890 secs] [Times: user=0.04 sys=0.00, real=0.01 secs] 
2015-06-30T17:16:46.841-0400: 66773.662: [GC [PSYoungGen: 339552K->128K(390656K)] 670112K->330712K(1280512K), 0.0069610 secs] [Times: user=0.02 sys=0.00, real=0.01 secs] 
2015-06-30T18:11:23.393-0400: 70050.214: [GC [PSYoungGen: 339584K->128K(399360K)] 670168K->330720K(1289216K), 0.0164190 secs] [Times: user=0.05 sys=0.00, real=0.01 secs] 
Heap
 PSYoungGen      total 399360K, used 315065K [0x00000000e4d00000, 0x00000000fff80000, 0x0000000100000000)
  eden space 351232K, 89% used [0x00000000e4d00000,0x00000000f808e7a8,0x00000000fa400000)
  from space 48128K, 0% used [0x00000000fd080000,0x00000000fd0a0000,0x00000000fff80000)
  to   space 45568K, 0% used [0x00000000fa400000,0x00000000fa400000,0x00000000fd080000)
 ParOldGen       total 889856K, used 330592K [0x00000000ae800000, 0x00000000e4d00000, 0x00000000e4d00000)
  object space 889856K, 37% used [0x00000000ae800000,0x00000000c2ad8208,0x00000000e4d00000)
 PSPermGen       total 204288K, used 203858K [0x000000009e800000, 0x00000000aaf80000, 0x00000000ae800000)
  object space 204288K, 99% used [0x000000009e800000,0x00000000aaf14bd8,0x00000000aaf80000)
